
SIVAASHA@DESKTOP-U3P6DFQ MINGW64 /d/taskfeb29
$ git config --global user.name "shivasankari93"

SIVAASHA@DESKTOP-U3P6DFQ MINGW64 /d/taskfeb29
$ git config --global user.email "shivasankariofficial@gmail.com"

SIVAASHA@DESKTOP-U3P6DFQ MINGW64 /d/taskfeb29
$ git init
Initialized empty Git repository in D:/taskfeb29/.git/

SIVAASHA@DESKTOP-U3P6DFQ MINGW64 /d/taskfeb29 (master)
$ git remote add origin https://github.com/shivasankari93/guvilatest.git

SIVAASHA@DESKTOP-U3P6DFQ MINGW64 /d/taskfeb29 (master)
$ git status
On branch master

No commits yet

Untracked files:
  (use "git add <file>..." to include in what will be committed)
        README.md
        sample.txt
        task9.txt

nothing added to commit but untracked files present (use "git add" to track)

SIVAASHA@DESKTOP-U3P6DFQ MINGW64 /d/taskfeb29 (master)
$ git add task9.txt

SIVAASHA@DESKTOP-U3P6DFQ MINGW64 /d/taskfeb29 (master)
$ git commit -m "commiting"
[master (root-commit) 63d03dd] commiting
 1 file changed, 168 insertions(+)
 create mode 100644 task9.txt

SIVAASHA@DESKTOP-U3P6DFQ MINGW64 /d/taskfeb29 (master)
$ git push -u origin master
Enumerating objects: 3, done.
Counting objects: 100% (3/3), done.
Delta compression using up to 12 threads
Compressing objects: 100% (2/2), done.
Writing objects: 100% (3/3), 1.31 KiB | 1.31 MiB/s, done.
Total 3 (delta 0), reused 0 (delta 0), pack-reused 0
To https://github.com/shivasankari93/guvilatest.git
 * [new branch]      master -> master
branch 'master' set up to track 'origin/master'.

SIVAASHA@DESKTOP-U3P6DFQ MINGW64 /d/taskfeb29 (master)
$ git status
On branch master
Your branch is up to date with 'origin/master'.

Untracked files:
  (use "git add <file>..." to include in what will be committed)
        README.md
        sample.txt

nothing added to commit but untracked files present (use "git add" to track)

SIVAASHA@DESKTOP-U3P6DFQ MINGW64 /d/taskfeb29 (master)
$ git add sample.txt

SIVAASHA@DESKTOP-U3P6DFQ MINGW64 /d/taskfeb29 (master)
$ git commit -m "commiting"
[master 46b1f2e] commiting
 1 file changed, 5 insertions(+)
 create mode 100644 sample.txt

SIVAASHA@DESKTOP-U3P6DFQ MINGW64 /d/taskfeb29 (master)
$ git push origin -u master
Enumerating objects: 4, done.
Counting objects: 100% (4/4), done.
Delta compression using up to 12 threads
Compressing objects: 100% (3/3), done.
Writing objects: 100% (3/3), 358 bytes | 358.00 KiB/s, done.
Total 3 (delta 0), reused 0 (delta 0), pack-reused 0
To https://github.com/shivasankari93/guvilatest.git
   63d03dd..46b1f2e  master -> master
branch 'master' set up to track 'origin/master'.

SIVAASHA@DESKTOP-U3P6DFQ MINGW64 /d/taskfeb29 (master)
$ git status
On branch master
Your branch is up to date with 'origin/master'.

Untracked files:
  (use "git add <file>..." to include in what will be committed)
        README.md

nothing added to commit but untracked files present (use "git add" to track)

SIVAASHA@DESKTOP-U3P6DFQ MINGW64 /d/taskfeb29 (master)
$ git add README.md

SIVAASHA@DESKTOP-U3P6DFQ MINGW64 /d/taskfeb29 (master)
$ git commit -m "commiting"
[master c88059d] commiting
 1 file changed, 16 insertions(+)
 create mode 100644 README.md

SIVAASHA@DESKTOP-U3P6DFQ MINGW64 /d/taskfeb29 (master)
$ git push origin -u master
Enumerating objects: 4, done.
Counting objects: 100% (4/4), done.
Delta compression using up to 12 threads
Compressing objects: 100% (3/3), done.
Writing objects: 100% (3/3), 1.40 KiB | 1.40 MiB/s, done.
Total 3 (delta 0), reused 0 (delta 0), pack-reused 0
To https://github.com/shivasankari93/guvilatest.git
   46b1f2e..c88059d  master -> master
branch 'master' set up to track 'origin/master'.

SIVAASHA@DESKTOP-U3P6DFQ MINGW64 /d/taskfeb29 (master)
$ git status
On branch master
Your branch is up to date with 'origin/master'.

Changes not staged for commit:
  (use "git add <file>..." to update what will be committed)
  (use "git restore <file>..." to discard changes in working directory)
        modified:   sample.txt

no changes added to commit (use "git add" and/or "git commit -a")

SIVAASHA@DESKTOP-U3P6DFQ MINGW64 /d/taskfeb29 (master)
$ git add sample.txt

SIVAASHA@DESKTOP-U3P6DFQ MINGW64 /d/taskfeb29 (master)
$ git commit -m "commited"
[master 5794b06] commited
 1 file changed, 2 insertions(+)

SIVAASHA@DESKTOP-U3P6DFQ MINGW64 /d/taskfeb29 (master)
$ git push origin -u master
Enumerating objects: 5, done.
Counting objects: 100% (5/5), done.
Delta compression using up to 12 threads
Compressing objects: 100% (3/3), done.
Writing objects: 100% (3/3), 340 bytes | 340.00 KiB/s, done.
Total 3 (delta 1), reused 0 (delta 0), pack-reused 0
remote: Resolving deltas: 100% (1/1), completed with 1 local object.
To https://github.com/shivasankari93/guvilatest.git
   c88059d..5794b06  master -> master
branch 'master' set up to track 'origin/master'.

SIVAASHA@DESKTOP-U3P6DFQ MINGW64 /d/taskfeb29 (master)
$ git status
On branch master
Your branch is up to date with 'origin/master'.

nothing to commit, working tree clean

SIVAASHA@DESKTOP-U3P6DFQ MINGW64 /d/taskfeb29 (master)
$
